// Vitest Snapshot v1, https://vitest.dev/guide/snapshot.html

exports[`AgentCardEmpty.vue > renders correctly 1`] = `
<button
  class="agent-card-empty"
  data-testid="agent-card-empty"
  data-v-fe6b0e5c=""
>
  <span
    class="material-symbols-rounded unnnic-icon-scheme--neutral-clean unnnic-icon-size--md"
    data-testid="agent-card-empty-icon"
    data-v-76ceda5d=""
    data-v-fe6b0e5c=""
    translate="no"
  >
    add
  </span>
  <p
    class="unnnic-text unnnic-text--size-body-gt unnnic-text--line-height-md unnnic-text--family-secondary unnnic-text--weight-regular unnnic-text--color-neutral-dark"
    data-testid="agent-card-empty-title"
    data-v-ec8da4ad=""
    data-v-fe6b0e5c=""
  >
    
    Create agent
    
  </p>
</button>
`;
