// Vitest Snapshot v1, https://vitest.dev/guide/snapshot.html

exports[`RouterAgentsTeam > matches snapshot 1`] = `
<section
  class="agents-team"
  data-v-d0fbe27f=""
>
  <unnnic-divider-stub
    class="agents-team__divider"
    data-v-d0fbe27f=""
    scheme="neutral-soft"
    yspacing="lg"
  />
  <active-team-stub
    data-v-d0fbe27f=""
  />
</section>
`;
