// Vitest Snapshot v1, https://vitest.dev/guide/snapshot.html

exports[`InstructionsAdded.vue > should match snapshot 1`] = `
"<section data-v-d1e6c271="" class="instructions-added">
  <instructions-added-header-stub data-v-d1e6c271="" instructionscount="6" data-testid="instructions-header"></instructions-added-header-stub>
  <section data-v-d1e6c271="" class="instructions-added__instructions" data-testid="instructions">
    <instruction-stub data-v-d1e6c271="" instruction="[object Object]" tag="Default instruction" showactions="false" data-testid="instruction-default"></instruction-stub>
    <instruction-stub data-v-d1e6c271="" instruction="[object Object]" tag="Default instruction" showactions="false" data-testid="instruction-default"></instruction-stub>
    <instruction-stub data-v-d1e6c271="" instruction="[object Object]" tag="Default instruction" showactions="false" data-testid="instruction-default"></instruction-stub>
    <instruction-stub data-v-d1e6c271="" instruction="[object Object]" tag="Default instruction" showactions="false" data-testid="instruction-default"></instruction-stub>
    <instruction-stub data-v-d1e6c271="" instruction="[object Object]" tag="" showactions="true" data-testid="instruction-added"></instruction-stub>
    <instruction-stub data-v-d1e6c271="" instruction="[object Object]" tag="" showactions="true" data-testid="instruction-added"></instruction-stub>
  </section>
</section>"
`;
