// Vitest Snapshot v1, https://vitest.dev/guide/snapshot.html

exports[`ModalRemoveInstruction.vue > Component rendering > should match snapshot 1`] = `
"<section data-v-ab1febba="" data-v-18127a74="" class="unnnic-modal-dialog modal-remove-instruction" data-testid="modal">
  <section data-v-ab1febba="" class="unnnic-modal-dialog__overlay" data-testid="modal-overlay"></section>
  <section data-v-ab1febba="" class="unnnic-modal-dialog__container unnnic-modal-dialog__container--sm" data-testid="modal-container">
    <!---->
    <section data-v-ab1febba="" class="unnnic-modal-dialog__container__body">
      <header data-v-ab1febba="" class="unnnic-modal-dialog__container__header">
        <section data-v-ab1febba="" class="unnnic-modal-dialog__container__title-container"><span data-v-9846e6db="" data-v-ab1febba="" class="material-symbols-rounded unnnic-icon-scheme--aux-red-500 unnnic-icon-size--md unnnic-modal-dialog__container__title-icon" data-testid="title-icon" translate="no">warning</span>
          <h1 data-v-ab1febba="" class="unnnic-modal-dialog__container__title-text" data-testid="title-text">Remove instruction</h1>
        </section><span data-v-9846e6db="" data-v-ab1febba="" class="material-symbols-rounded unnnic-icon-scheme--neutral-darkest unnnic-icon-size--md unnnic--clickable" data-testid="close-icon" translate="no">close</span>
      </header>
      <section data-v-ab1febba="" class="unnnic-modal-dialog__container__content">
        <p data-v-18127a74="" class="modal-remove-instruction__description" data-testid="description">Are you sure you want to remove the instruction?</p>
      </section>
      <section data-v-ab1febba="" data-testid="actions-section" class="unnnic-modal-dialog__container__actions"><button data-v-d127031e="" data-v-ab1febba="" data-testid="secondary-button" class="unnnic-modal-dialog__container__actions__secondary-button unnnic-button unnnic-button--size-large unnnic-button--tertiary unnnic-modal-dialog__container__actions__secondary-button">
          <!---->
          <!---->
          <!----><span data-v-d127031e="" class="unnnic-button__label" data-testid="button-label"> Cancel</span>
          <!---->
        </button><button data-v-d127031e="" data-v-ab1febba="" data-testid="primary-button" class="unnnic-modal-dialog__container__actions__primary-button unnnic-button unnnic-button--size-large unnnic-button--warning unnnic-modal-dialog__container__actions__primary-button">
          <!---->
          <!---->
          <!----><span data-v-d127031e="" class="unnnic-button__label" data-testid="button-label"> Remove</span>
          <!---->
        </button></section>
    </section>
  </section>
</section>"
`;
