// Vitest Snapshot v1, https://vitest.dev/guide/snapshot.html

exports[`NewInstruction.vue > Component rendering > should match snapshot 1`] = `
"<section data-v-5fa2c1a3="" class="new-instruction" data-testid="new-instruction">
  <h2 data-v-5fa2c1a3="" class="new-instruction__title" data-testid="new-instruction-title">New custom instruction</h2>
  <anonymous-stub data-v-5fa2c1a3="" modelvalue="" placeholder="You're funny, but don't make jokes" size="md" message="Keep instructions clear, direct, and in the imperative." disabled="false" type="normal" errors="" data-testid="new-instruction-textarea"></anonymous-stub>
  <unnnic-button-stub data-v-5fa2c1a3="" size="large" text="Add instruction" type="primary" float="false" iconleft="" iconright="" iconcenter="" iconsfilled="false" next="false" disabled="true" loading="false" class="new-instruction__add-instruction-button" data-testid="add-instruction-button"></unnnic-button-stub>
</section>"
`;
